Wed Apr 30 10:42:38 WAT 2025: Viewed system info
Wed Apr 30 11:05:50 WAT 2025: Viewed system info
Wed Apr 30 11:08:54 WAT 2025: Viewed system info
Wed Apr 30 11:15:56 WAT 2025: Viewed system info
Wed Apr 30 11:16:11 WAT 2025: Listed all users
Wed Apr 30 11:17:37 WAT 2025: Viewed system info
Wed Apr 30 11:18:07 WAT 2025: Added user Gymnat
Wed Apr 30 11:18:23 WAT 2025: Listed all users
Wed Apr 30 11:24:20 WAT 2025: Viewed system info
Wed Apr 30 11:24:20 WAT 2025: Viewed network info
Wed Apr 30 11:25:09 WAT 2025: Viewed system info
Wed Apr 30 11:25:09 WAT 2025: Viewed network info
Wed Apr 30 11:25:14 WAT 2025: Listed all users
Wed Apr 30 11:31:40 WAT 2025: Viewed system info
Wed Apr 30 11:31:40 WAT 2025: Viewed Process Management Info
Wed Apr 30 11:31:40 WAT 2025: Viewed network info
Wed Apr 30 11:33:38 WAT 2025: Viewed system info
Wed Apr 30 11:33:38 WAT 2025: Viewed Process Management Info
Wed Apr 30 11:33:38 WAT 2025: Viewed network info
Wed Apr 30 11:34:11 WAT 2025: Listed all users
Wed Apr 30 11:44:48 WAT 2025: Viewed system info
Wed Apr 30 11:44:48 WAT 2025: Viewed Process Management Info
Wed Apr 30 11:44:48 WAT 2025: Viewed network info
Wed Apr 30 11:57:10 WAT 2025: Viewed system info
Wed Apr 30 11:57:10 WAT 2025: Viewed Process Management Info
Wed Apr 30 11:57:10 WAT 2025: Viewed network info
Wed Apr 30 11:58:32 WAT 2025: Viewed system info
Wed Apr 30 11:58:32 WAT 2025: Viewed Process Management Info
Wed Apr 30 11:58:32 WAT 2025: Viewed network info
Wed Apr 30 11:59:16 WAT 2025: Viewed system info
Wed Apr 30 11:59:16 WAT 2025: Viewed Process Management Info
Wed Apr 30 11:59:16 WAT 2025: Viewed network info
Wed Apr 30 12:01:01 WAT 2025: Viewed system info
Wed Apr 30 12:01:01 WAT 2025: Viewed Process Management Info
Wed Apr 30 12:01:01 WAT 2025: Viewed network info
Wed Apr 30 12:01:04 WAT 2025: Checked for system updates
Wed Apr 30 12:01:29 WAT 2025: Applied system updates
Wed Apr 30 12:08:57 WAT 2025: Viewed system info
Wed Apr 30 12:08:57 WAT 2025: Viewed Process Management Info
Wed Apr 30 12:08:57 WAT 2025: Viewed network info
Wed Apr 30 12:09:28 WAT 2025: Viewed system info
Wed Apr 30 12:09:28 WAT 2025: Viewed Process Management Info
Wed Apr 30 12:09:28 WAT 2025: Viewed network info
Wed Apr 30 12:17:31 WAT 2025: Viewed system info
Wed Apr 30 12:17:31 WAT 2025: Viewed Process Management Info
Wed Apr 30 12:17:31 WAT 2025: Viewed network info
Wed Apr 30 12:20:29 WAT 2025: Viewed system info
Wed Apr 30 12:20:29 WAT 2025: Viewed Process Management Info
Wed Apr 30 12:20:29 WAT 2025: Viewed network info
Wed Apr 30 13:22:33 WAT 2025: Viewed system info
Wed Apr 30 13:22:33 WAT 2025: Viewed Process Management Info
Wed Apr 30 13:22:33 WAT 2025: Viewed network info
Wed Apr 30 13:27:47 WAT 2025: Viewed system info
Wed Apr 30 13:27:47 WAT 2025: Viewed Process Management Info
Wed Apr 30 13:27:47 WAT 2025: Viewed network info
Wed Apr 30 13:31:03 WAT 2025: Viewed system info
Wed Apr 30 13:31:03 WAT 2025: Viewed Process Management Info
Wed Apr 30 13:31:03 WAT 2025: Viewed network info
Wed Apr 30 13:31:05 WAT 2025: Checking for chkrootkit...
Wed Apr 30 13:31:05 WAT 2025: Running chkrootkit scan...
Wed Apr 30 13:31:24 WAT 2025: chkrootkit scan completed
Wed Apr 30 13:35:49 WAT 2025: Viewed system info
Wed Apr 30 13:35:49 WAT 2025: Viewed Process Management Info
Wed Apr 30 13:35:49 WAT 2025: Viewed network info
Wed Apr 30 13:36:12 WAT 2025: Restored from backup file 'Grizzly' to directory 'projects'
Wed Apr 30 13:44:58 WAT 2025: Viewed system info
Wed Apr 30 13:44:58 WAT 2025: Viewed Process Management Info
Wed Apr 30 13:44:58 WAT 2025: Viewed network info
Wed Apr 30 13:45:04 WAT 2025: Viewed Crontab
Wed Apr 30 13:45:26 WAT 2025: Edited Crontab
